Archive member included to satisfy reference by file (symbol)

/opt/st/stm32cubeide_1.7.0/plugins/com.st.stm32cube.ide.mcu.externaltools.gnu-tools-for-stm32.10.3-2021.10.linux64_1.0.0.202111181127/tools/bin/../lib/gcc/arm-none-eabi/10.3.1/../../../../arm-none-eabi/lib/thumb/v7e-m+fp/hard/libc_nano.a(lib_a-errno.o)
                              ./Core/Src/syscalls.o (__errno)
/opt/st/stm32cubeide_1.7.0/plugins/com.st.stm32cube.ide.mcu.externaltools.gnu-tools-for-stm32.10.3-2021.10.linux64_1.0.0.202111181127/tools/bin/../lib/gcc/arm-none-eabi/10.3.1/../../../../arm-none-eabi/lib/thumb/v7e-m+fp/hard/libc_nano.a(lib_a-exit.o)
                              /opt/st/stm32cubeide_1.7.0/plugins/com.st.stm32cube.ide.mcu.externaltools.gnu-tools-for-stm32.10.3-2021.10.linux64_1.0.0.202111181127/tools/bin/../lib/gcc/arm-none-eabi/10.3.1/../../../../arm-none-eabi/lib/thumb/v7e-m+fp/hard/crt0.o (exit)
/opt/st/stm32cubeide_1.7.0/plugins/com.st.stm32cube.ide.mcu.externaltools.gnu-tools-for-stm32.10.3-2021.10.linux64_1.0.0.202111181127/tools/bin/../lib/gcc/arm-none-eabi/10.3.1/../../../../arm-none-eabi/lib/thumb/v7e-m+fp/hard/libc_nano.a(lib_a-impure.o)
                              /opt/st/stm32cubeide_1.7.0/plugins/com.st.stm32cube.ide.mcu.externaltools.gnu-tools-for-stm32.10.3-2021.10.linux64_1.0.0.202111181127/tools/bin/../lib/gcc/arm-none-eabi/10.3.1/../../../../arm-none-eabi/lib/thumb/v7e-m+fp/hard/libc_nano.a(lib_a-exit.o) (_global_impure_ptr)
/opt/st/stm32cubeide_1.7.0/plugins/com.st.stm32cube.ide.mcu.externaltools.gnu-tools-for-stm32.10.3-2021.10.linux64_1.0.0.202111181127/tools/bin/../lib/gcc/arm-none-eabi/10.3.1/../../../../arm-none-eabi/lib/thumb/v7e-m+fp/hard/libc_nano.a(lib_a-init.o)
                              /opt/st/stm32cubeide_1.7.0/plugins/com.st.stm32cube.ide.mcu.externaltools.gnu-tools-for-stm32.10.3-2021.10.linux64_1.0.0.202111181127/tools/bin/../lib/gcc/arm-none-eabi/10.3.1/../../../../arm-none-eabi/lib/thumb/v7e-m+fp/hard/crt0.o (__libc_init_array)
/opt/st/stm32cubeide_1.7.0/plugins/com.st.stm32cube.ide.mcu.externaltools.gnu-tools-for-stm32.10.3-2021.10.linux64_1.0.0.202111181127/tools/bin/../lib/gcc/arm-none-eabi/10.3.1/../../../../arm-none-eabi/lib/thumb/v7e-m+fp/hard/libc_nano.a(lib_a-memset.o)
                              /opt/st/stm32cubeide_1.7.0/plugins/com.st.stm32cube.ide.mcu.externaltools.gnu-tools-for-stm32.10.3-2021.10.linux64_1.0.0.202111181127/tools/bin/../lib/gcc/arm-none-eabi/10.3.1/../../../../arm-none-eabi/lib/thumb/v7e-m+fp/hard/crt0.o (memset)
/opt/st/stm32cubeide_1.7.0/plugins/com.st.stm32cube.ide.mcu.externaltools.gnu-tools-for-stm32.10.3-2021.10.linux64_1.0.0.202111181127/tools/bin/../lib/gcc/arm-none-eabi/10.3.1/thumb/v7e-m+fp/hard/libgcc.a(_aeabi_ldivmod.o)
                              ./Drivers/STM32F4xx_HAL_Driver/stm32f4xx_hal_rcc.o (__aeabi_ldivmod)
/opt/st/stm32cubeide_1.7.0/plugins/com.st.stm32cube.ide.mcu.externaltools.gnu-tools-for-stm32.10.3-2021.10.linux64_1.0.0.202111181127/tools/bin/../lib/gcc/arm-none-eabi/10.3.1/thumb/v7e-m+fp/hard/libgcc.a(_aeabi_uldivmod.o)
                              ./Drivers/STM32F4xx_HAL_Driver/stm32f4xx_hal_rcc.o (__aeabi_uldivmod)
/opt/st/stm32cubeide_1.7.0/plugins/com.st.stm32cube.ide.mcu.externaltools.gnu-tools-for-stm32.10.3-2021.10.linux64_1.0.0.202111181127/tools/bin/../lib/gcc/arm-none-eabi/10.3.1/thumb/v7e-m+fp/hard/libgcc.a(_udivmoddi4.o)
                              /opt/st/stm32cubeide_1.7.0/plugins/com.st.stm32cube.ide.mcu.externaltools.gnu-tools-for-stm32.10.3-2021.10.linux64_1.0.0.202111181127/tools/bin/../lib/gcc/arm-none-eabi/10.3.1/thumb/v7e-m+fp/hard/libgcc.a(_aeabi_ldivmod.o) (__udivmoddi4)
/opt/st/stm32cubeide_1.7.0/plugins/com.st.stm32cube.ide.mcu.externaltools.gnu-tools-for-stm32.10.3-2021.10.linux64_1.0.0.202111181127/tools/bin/../lib/gcc/arm-none-eabi/10.3.1/thumb/v7e-m+fp/hard/libgcc.a(_dvmd_tls.o)
                              /opt/st/stm32cubeide_1.7.0/plugins/com.st.stm32cube.ide.mcu.externaltools.gnu-tools-for-stm32.10.3-2021.10.linux64_1.0.0.202111181127/tools/bin/../lib/gcc/arm-none-eabi/10.3.1/thumb/v7e-m+fp/hard/libgcc.a(_aeabi_ldivmod.o) (__aeabi_ldiv0)

Discarded input sections

 .text          0x0000000000000000        0x0 /opt/st/stm32cubeide_1.7.0/plugins/com.st.stm32cube.ide.mcu.externaltools.gnu-tools-for-stm32.10.3-2021.10.linux64_1.0.0.202111181127/tools/bin/../lib/gcc/arm-none-eabi/10.3.1/thumb/v7e-m+fp/hard/crti.o
 .data          0x0000000000000000        0x0 /opt/st/stm32cubeide_1.7.0/plugins/com.st.stm32cube.ide.mcu.externaltools.gnu-tools-for-stm32.10.3-2021.10.linux64_1.0.0.202111181127/tools/bin/../lib/gcc/arm-none-eabi/10.3.1/thumb/v7e-m+fp/hard/crti.o
 .bss           0x0000000000000000        0x0 /opt/st/stm32cubeide_1.7.0/plugins/com.st.stm32cube.ide.mcu.externaltools.gnu-tools-for-stm32.10.3-2021.10.linux64_1.0.0.202111181127/tools/bin/../lib/gcc/arm-none-eabi/10.3.1/thumb/v7e-m+fp/hard/crti.o
[...]
Memory Configuration

Name             Origin             Length             Attributes
CCMRAM           0x0000000010000000 0x0000000000010000 xrw
RAM              0x0000000020000000 0x0000000000030000 xrw
FLASH            0x0000000008000000 0x0000000000200000 xr
*default*        0x0000000000000000 0xffffffffffffffff

Linker script and memory map

LOAD /opt/st/stm32cubeide_1.7.0/plugins/com.st.stm32cube.ide.mcu.externaltools.gnu-tools-for-stm32.10.3-2021.10.linux64_1.0.0.202111181127/tools/bin/../lib/gcc/arm-none-eabi/10.3.1/thumb/v7e-m+fp/hard/crti.o
LOAD /opt/st/stm32cubeide_1.7.0/plugins/com.st.stm32cube.ide.mcu.externaltools.gnu-tools-for-stm32.10.3-2021.10.linux64_1.0.0.202111181127/tools/bin/../lib/gcc/arm-none-eabi/10.3.1/thumb/v7e-m+fp/hard/crtbegin.o
LOAD /opt/st/stm32cubeide_1.7.0/plugins/com.st.stm32cube.ide.mcu.externaltools.gnu-tools-for-stm32.10.3-2021.10.linux64_1.0.0.202111181127/tools/bin/../lib/gcc/arm-none-eabi/10.3.1/../../../../arm-none-eabi/lib/thumb/v7e-m+fp/hard/crt0.o
LOAD ./Core/Src/asm_func.o
LOAD ./Core/Src/main.o
LOAD ./Core/Src/stm32f4xx_hal_msp.o
LOAD ./Core/Src/stm32f4xx_it.o
LOAD ./Core/Src/syscalls.o
LOAD ./Core/Src/sysmem.o
LOAD ./Core/Src/system_stm32f4xx.o
LOAD ./Core/Startup/startup_stm32f429zitx.o
LOAD ./Drivers/STM32F4xx_HAL_Driver/stm32f4xx_hal.o
LOAD ./Drivers/STM32F4xx_HAL_Driver/stm32f4xx_hal_cortex.o
LOAD ./Drivers/STM32F4xx_HAL_Driver/stm32f4xx_hal_dma.o
LOAD ./Drivers/STM32F4xx_HAL_Driver/stm32f4xx_hal_dma_ex.o
LOAD ./Drivers/STM32F4xx_HAL_Driver/stm32f4xx_hal_eth.o
LOAD ./Drivers/STM32F4xx_HAL_Driver/stm32f4xx_hal_exti.o
LOAD ./Drivers/STM32F4xx_HAL_Driver/stm32f4xx_hal_flash.o
LOAD ./Drivers/STM32F4xx_HAL_Driver/stm32f4xx_hal_flash_ex.o
LOAD ./Drivers/STM32F4xx_HAL_Driver/stm32f4xx_hal_flash_ramfunc.o
LOAD ./Drivers/STM32F4xx_HAL_Driver/stm32f4xx_hal_gpio.o
LOAD ./Drivers/STM32F4xx_HAL_Driver/stm32f4xx_hal_pcd.o
LOAD ./Drivers/STM32F4xx_HAL_Driver/stm32f4xx_hal_pcd_ex.o
LOAD ./Drivers/STM32F4xx_HAL_Driver/stm32f4xx_hal_pwr.o
LOAD ./Drivers/STM32F4xx_HAL_Driver/stm32f4xx_hal_pwr_ex.o
LOAD ./Drivers/STM32F4xx_HAL_Driver/stm32f4xx_hal_rcc.o
LOAD ./Drivers/STM32F4xx_HAL_Driver/stm32f4xx_hal_rcc_ex.o
LOAD ./Drivers/STM32F4xx_HAL_Driver/stm32f4xx_hal_tim.o
LOAD ./Drivers/STM32F4xx_HAL_Driver/stm32f4xx_hal_tim_ex.o
LOAD ./Drivers/STM32F4xx_HAL_Driver/stm32f4xx_hal_uart.o
LOAD ./Drivers/STM32F4xx_HAL_Driver/stm32f4xx_ll_usb.o
START GROUP
LOAD /opt/st/stm32cubeide_1.7.0/plugins/com.st.stm32cube.ide.mcu.externaltools.gnu-tools-for-stm32.10.3-2021.10.linux64_1.0.0.202111181127/tools/bin/../lib/gcc/arm-none-eabi/10.3.1/../../../../arm-none-eabi/lib/thumb/v7e-m+fp/hard/libc_nano.a
LOAD /opt/st/stm32cubeide_1.7.0/plugins/com.st.stm32cube.ide.mcu.externaltools.gnu-tools-for-stm32.10.3-2021.10.linux64_1.0.0.202111181127/tools/bin/../lib/gcc/arm-none-eabi/10.3.1/../../../../arm-none-eabi/lib/thumb/v7e-m+fp/hard/libm.a
END GROUP
START GROUP
LOAD /opt/st/stm32cubeide_1.7.0/plugins/com.st.stm32cube.ide.mcu.externaltools.gnu-tools-for-stm32.10.3-2021.10.linux64_1.0.0.202111181127/tools/bin/../lib/gcc/arm-none-eabi/10.3.1/thumb/v7e-m+fp/hard/libgcc.a
LOAD /opt/st/stm32cubeide_1.7.0/plugins/com.st.stm32cube.ide.mcu.externaltools.gnu-tools-for-stm32.10.3-2021.10.linux64_1.0.0.202111181127/tools/bin/../lib/gcc/arm-none-eabi/10.3.1/../../../../arm-none-eabi/lib/thumb/v7e-m+fp/hard/libc_nano.a
END GROUP
START GROUP
LOAD /opt/st/stm32cubeide_1.7.0/plugins/com.st.stm32cube.ide.mcu.externaltools.gnu-tools-for-stm32.10.3-2021.10.linux64_1.0.0.202111181127/tools/bin/../lib/gcc/arm-none-eabi/10.3.1/thumb/v7e-m+fp/hard/libgcc.a
LOAD /opt/st/stm32cubeide_1.7.0/plugins/com.st.stm32cube.ide.mcu.externaltools.gnu-tools-for-stm32.10.3-2021.10.linux64_1.0.0.202111181127/tools/bin/../lib/gcc/arm-none-eabi/10.3.1/../../../../arm-none-eabi/lib/thumb/v7e-m+fp/hard/libc_nano.a
LOAD /opt/st/stm32cubeide_1.7.0/plugins/com.st.stm32cube.ide.mcu.externaltools.gnu-tools-for-stm32.10.3-2021.10.linux64_1.0.0.202111181127/tools/bin/../lib/gcc/arm-none-eabi/10.3.1/../../../../arm-none-eabi/lib/thumb/v7e-m+fp/hard/libnosys.a
END GROUP
START GROUP
LOAD /opt/st/stm32cubeide_1.7.0/plugins/com.st.stm32cube.ide.mcu.externaltools.gnu-tools-for-stm32.10.3-2021.10.linux64_1.0.0.202111181127/tools/bin/../lib/gcc/arm-none-eabi/10.3.1/thumb/v7e-m+fp/hard/libgcc.a
LOAD /opt/st/stm32cubeide_1.7.0/plugins/com.st.stm32cube.ide.mcu.externaltools.gnu-tools-for-stm32.10.3-2021.10.linux64_1.0.0.202111181127/tools/bin/../lib/gcc/arm-none-eabi/10.3.1/../../../../arm-none-eabi/lib/thumb/v7e-m+fp/hard/libc_nano.a
LOAD /opt/st/stm32cubeide_1.7.0/plugins/com.st.stm32cube.ide.mcu.externaltools.gnu-tools-for-stm32.10.3-2021.10.linux64_1.0.0.202111181127/tools/bin/../lib/gcc/arm-none-eabi/10.3.1/../../../../arm-none-eabi/lib/thumb/v7e-m+fp/hard/libnosys.a
END GROUP
LOAD /opt/st/stm32cubeide_1.7.0/plugins/com.st.stm32cube.ide.mcu.externaltools.gnu-tools-for-stm32.10.3-2021.10.linux64_1.0.0.202111181127/tools/bin/../lib/gcc/arm-none-eabi/10.3.1/thumb/v7e-m+fp/hard/crtend.o
LOAD /opt/st/stm32cubeide_1.7.0/plugins/com.st.stm32cube.ide.mcu.externaltools.gnu-tools-for-stm32.10.3-2021.10.linux64_1.0.0.202111181127/tools/bin/../lib/gcc/arm-none-eabi/10.3.1/thumb/v7e-m+fp/hard/crtn.o
                0x0000000020030000                _estack = (ORIGIN (RAM) + LENGTH (RAM))
                0x0000000000000200                _Min_Heap_Size = 0x200
                0x0000000000000400                _Min_Stack_Size = 0x400

.isr_vector     0x0000000008000000      0x1ac
                0x0000000008000000                . = ALIGN (0x4)
 *(.isr_vector)
 .isr_vector    0x0000000008000000      0x1ac ./Core/Startup/startup_stm32f429zitx.o
                0x0000000008000000                g_pfnVectors
                0x00000000080001ac                . = ALIGN (0x4)

.text           0x00000000080001ac     0x1b38
                0x00000000080001ac                . = ALIGN (0x4)
 *(.text)
 .text          0x00000000080001ac       0x40 /opt/st/stm32cubeide_1.7.0/plugins/com.st.stm32cube.ide.mcu.externaltools.gnu-tools-for-stm32.10.3-2021.10.linux64_1.0.0.202111181127/tools/bin/../lib/gcc/arm-none-eabi/10.3.1/thumb/v7e-m+fp/hard/crtbegin.o
 .text          0x00000000080001ec       0x5e ./Core/Src/asm_func.o
                0x00000000080001ec                asm_svc
                0x00000000080001f0                asm_sum
                0x00000000080001f4                asm_zeros
                0x0000000008000202                asm_productoEscalar32
                0x0000000008000216                asm_productoEscalar16
                0x000000000800022a                asm_productoEscalar12
 *fill*         0x000000000800024a        0x2 
 .text          0x000000000800024c       0x30 /opt/st/stm32cubeide_1.7.0/plugins/com.st.stm32cube.ide.mcu.externaltools.gnu-tools-for-stm32.10.3-2021.10.linux64_1.0.0.202111181127/tools/bin/../lib/gcc/arm-none-eabi/10.3.1/thumb/v7e-m+fp/hard/libgcc.a(_aeabi_uldivmod.o)
                0x000000000800024c                __aeabi_uldivmod
 .text          0x000000000800027c      0x2d0 /opt/st/stm32cubeide_1.7.0/plugins/com.st.stm32cube.ide.mcu.externaltools.gnu-tools-for-stm32.10.3-2021.10.linux64_1.0.0.202111181127/tools/bin/../lib/gcc/arm-none-eabi/10.3.1/thumb/v7e-m+fp/hard/libgcc.a(_udivmoddi4.o)
                0x000000000800027c                __udivmoddi4
 .text          0x000000000800054c        0x4 /opt/st/stm32cubeide_1.7.0/plugins/com.st.stm32cube.ide.mcu.externaltools.gnu-tools-for-stm32.10.3-2021.10.linux64_1.0.0.202111181127/tools/bin/../lib/gcc/arm-none-eabi/10.3.1/thumb/v7e-m+fp/hard/libgcc.a(_dvmd_tls.o)
                0x000000000800054c                __aeabi_ldiv0
                0x000000000800054c                __aeabi_idiv0
 *(.text*)
 .text.SystemClock_Config
                0x0000000008000550       0xa4 ./Core/Src/main.o
                0x0000000008000550                SystemClock_Config
 .text.startup.main
                0x00000000080005f4      0x248 ./Core/Src/main.o
                0x00000000080005f4                main
 .text.HAL_MspInit
                0x000000000800083c       0x38 ./Core/Src/stm32f4xx_hal_msp.o
                0x000000000800083c                HAL_MspInit
 .text.HAL_ETH_MspInit
                0x0000000008000874      0x11c ./Core/Src/stm32f4xx_hal_msp.o
                0x0000000008000874                HAL_ETH_MspInit
 .text.HAL_UART_MspInit
                0x0000000008000990       0x6c ./Core/Src/stm32f4xx_hal_msp.o
                0x0000000008000990                HAL_UART_MspInit
 .text.HAL_PCD_MspInit
                0x00000000080009fc       0x84 ./Core/Src/stm32f4xx_hal_msp.o
                0x00000000080009fc                HAL_PCD_MspInit
 .text.NMI_Handler
                0x0000000008000a80        0x2 ./Core/Src/stm32f4xx_it.o
                0x0000000008000a80                NMI_Handler
 .text.HardFault_Handler
                0x0000000008000a82        0x2 ./Core/Src/stm32f4xx_it.o
                0x0000000008000a82                HardFault_Handler
 .text.MemManage_Handler
                0x0000000008000a84        0x2 ./Core/Src/stm32f4xx_it.o
                0x0000000008000a84                MemManage_Handler
 .text.BusFault_Handler
                0x0000000008000a86        0x2 ./Core/Src/stm32f4xx_it.o
                0x0000000008000a86                BusFault_Handler
 .text.UsageFault_Handler
                0x0000000008000a88        0x2 ./Core/Src/stm32f4xx_it.o
                0x0000000008000a88                UsageFault_Handler
 .text.SVC_Handler
                0x0000000008000a8a        0x2 ./Core/Src/stm32f4xx_it.o
                0x0000000008000a8a                SVC_Handler
 .text.DebugMon_Handler
                0x0000000008000a8c        0x2 ./Core/Src/stm32f4xx_it.o
                0x0000000008000a8c                DebugMon_Handler
 .text.PendSV_Handler
                0x0000000008000a8e        0x2 ./Core/Src/stm32f4xx_it.o
                0x0000000008000a8e                PendSV_Handler
 .text.SysTick_Handler
                0x0000000008000a90        0x4 ./Core/Src/stm32f4xx_it.o
                0x0000000008000a90                SysTick_Handler
 .text.SystemInit
                0x0000000008000a94       0x14 ./Core/Src/system_stm32f4xx.o
                0x0000000008000a94                SystemInit
 .text.Reset_Handler
                0x0000000008000aa8       0x50 ./Core/Startup/startup_stm32f429zitx.o
                0x0000000008000aa8                Reset_Handler
 .text.Default_Handler
                0x0000000008000af8        0x2 ./Core/Startup/startup_stm32f429zitx.o
                0x0000000008000af8                RTC_Alarm_IRQHandler
                0x0000000008000af8                HASH_RNG_IRQHandler
                0x0000000008000af8                EXTI2_IRQHandler
                0x0000000008000af8                TIM8_CC_IRQHandler
                0x0000000008000af8                UART8_IRQHandler
                0x0000000008000af8                SPI4_IRQHandler
                0x0000000008000af8                TIM1_CC_IRQHandler
                0x0000000008000af8                DMA2_Stream5_IRQHandler
                0x0000000008000af8                DMA1_Stream5_IRQHandler
                0x0000000008000af8                PVD_IRQHandler
                0x0000000008000af8                SDIO_IRQHandler
                0x0000000008000af8                TAMP_STAMP_IRQHandler
                0x0000000008000af8                CAN2_RX1_IRQHandler
                0x0000000008000af8                EXTI3_IRQHandler
                0x0000000008000af8                TIM8_TRG_COM_TIM14_IRQHandler
                0x0000000008000af8                TIM1_UP_TIM10_IRQHandler
                0x0000000008000af8                TIM8_UP_TIM13_IRQHandler
                0x0000000008000af8                I2C3_ER_IRQHandler
                0x0000000008000af8                EXTI0_IRQHandler
                0x0000000008000af8                I2C2_EV_IRQHandler
                0x0000000008000af8                DMA1_Stream2_IRQHandler
                0x0000000008000af8                CAN1_RX0_IRQHandler
                0x0000000008000af8                FPU_IRQHandler
                0x0000000008000af8                OTG_HS_WKUP_IRQHandler
                0x0000000008000af8                LTDC_ER_IRQHandler
                0x0000000008000af8                CAN2_SCE_IRQHandler
                0x0000000008000af8                DMA2_Stream2_IRQHandler
                0x0000000008000af8                SPI1_IRQHandler
                0x0000000008000af8                TIM6_DAC_IRQHandler
                0x0000000008000af8                TIM1_BRK_TIM9_IRQHandler
                0x0000000008000af8                DCMI_IRQHandler
                0x0000000008000af8                CAN2_RX0_IRQHandler
                0x0000000008000af8                DMA2_Stream3_IRQHandler
                0x0000000008000af8                USART6_IRQHandler
                0x0000000008000af8                USART3_IRQHandler
                0x0000000008000af8                CAN1_RX1_IRQHandler
                0x0000000008000af8                UART5_IRQHandler
                0x0000000008000af8                DMA2_Stream0_IRQHandler
                0x0000000008000af8                TIM4_IRQHandler
                0x0000000008000af8                I2C1_EV_IRQHandler
                0x0000000008000af8                DMA1_Stream6_IRQHandler
                0x0000000008000af8                DMA1_Stream1_IRQHandler
                0x0000000008000af8                UART4_IRQHandler
                0x0000000008000af8                TIM3_IRQHandler
                0x0000000008000af8                RCC_IRQHandler
                0x0000000008000af8                TIM8_BRK_TIM12_IRQHandler
                0x0000000008000af8                Default_Handler
                0x0000000008000af8                EXTI15_10_IRQHandler
                0x0000000008000af8                ADC_IRQHandler
                0x0000000008000af8                DMA1_Stream7_IRQHandler
                0x0000000008000af8                SPI5_IRQHandler
                0x0000000008000af8                TIM7_IRQHandler
                0x0000000008000af8                CAN2_TX_IRQHandler
                0x0000000008000af8                TIM5_IRQHandler
                0x0000000008000af8                DMA2_Stream7_IRQHandler
                0x0000000008000af8                I2C3_EV_IRQHandler
                0x0000000008000af8                EXTI9_5_IRQHandler
                0x0000000008000af8                RTC_WKUP_IRQHandler
                0x0000000008000af8                LTDC_IRQHandler
                0x0000000008000af8                ETH_WKUP_IRQHandler
                0x0000000008000af8                SPI2_IRQHandler
                0x0000000008000af8                OTG_HS_EP1_IN_IRQHandler
                0x0000000008000af8                DMA1_Stream0_IRQHandler
                0x0000000008000af8                CAN1_TX_IRQHandler
                0x0000000008000af8                EXTI4_IRQHandler
                0x0000000008000af8                ETH_IRQHandler
                0x0000000008000af8                OTG_HS_EP1_OUT_IRQHandler
                0x0000000008000af8                WWDG_IRQHandler
                0x0000000008000af8                SPI6_IRQHandler
                0x0000000008000af8                TIM2_IRQHandler
                0x0000000008000af8                OTG_FS_WKUP_IRQHandler
                0x0000000008000af8                TIM1_TRG_COM_TIM11_IRQHandler
                0x0000000008000af8                OTG_HS_IRQHandler
                0x0000000008000af8                DMA2D_IRQHandler
                0x0000000008000af8                EXTI1_IRQHandler
                0x0000000008000af8                UART7_IRQHandler
                0x0000000008000af8                USART2_IRQHandler
                0x0000000008000af8                I2C2_ER_IRQHandler
                0x0000000008000af8                DMA2_Stream1_IRQHandler
                0x0000000008000af8                CAN1_SCE_IRQHandler
                0x0000000008000af8                FLASH_IRQHandler
                0x0000000008000af8                DMA2_Stream4_IRQHandler
                0x0000000008000af8                USART1_IRQHandler
                0x0000000008000af8                OTG_FS_IRQHandler
                0x0000000008000af8                SPI3_IRQHandler
                0x0000000008000af8                DMA1_Stream4_IRQHandler
                0x0000000008000af8                I2C1_ER_IRQHandler
                0x0000000008000af8                FMC_IRQHandler
                0x0000000008000af8                DMA2_Stream6_IRQHandler
                0x0000000008000af8                SAI1_IRQHandler
                0x0000000008000af8                DMA1_Stream3_IRQHandler
 *fill*         0x0000000008000afa        0x2 
 .text.HAL_InitTick
                0x0000000008000afc       0x48 ./Drivers/STM32F4xx_HAL_Driver/stm32f4xx_hal.o
                0x0000000008000afc                HAL_InitTick
 .text.HAL_Init
                0x0000000008000b44       0x34 ./Drivers/STM32F4xx_HAL_Driver/stm32f4xx_hal.o
                0x0000000008000b44                HAL_Init
 .text.HAL_IncTick
                0x0000000008000b78       0x18 ./Drivers/STM32F4xx_HAL_Driver/stm32f4xx_hal.o
                0x0000000008000b78                HAL_IncTick
 .text.HAL_GetTick
                0x0000000008000b90        0xc ./Drivers/STM32F4xx_HAL_Driver/stm32f4xx_hal.o
                0x0000000008000b90                HAL_GetTick
 .text.HAL_Delay
                0x0000000008000b9c       0x28 ./Drivers/STM32F4xx_HAL_Driver/stm32f4xx_hal.o
                0x0000000008000b9c                HAL_Delay
 .text.HAL_NVIC_SetPriorityGrouping
                0x0000000008000bc4       0x24 ./Drivers/STM32F4xx_HAL_Driver/stm32f4xx_hal_cortex.o
                0x0000000008000bc4                HAL_NVIC_SetPriorityGrouping
 .text.HAL_NVIC_SetPriority
                0x0000000008000be8       0x64 ./Drivers/STM32F4xx_HAL_Driver/stm32f4xx_hal_cortex.o
                0x0000000008000be8                HAL_NVIC_SetPriority
 .text.HAL_SYSTICK_Config
                0x0000000008000c4c       0x28 ./Drivers/STM32F4xx_HAL_Driver/stm32f4xx_hal_cortex.o
                0x0000000008000c4c                HAL_SYSTICK_Config
 .text.ETH_SetMACConfig
                0x0000000008000c74       0xe8 ./Drivers/STM32F4xx_HAL_Driver/stm32f4xx_hal_eth.o
 .text.ETH_SetDMAConfig
                0x0000000008000d5c       0xac ./Drivers/STM32F4xx_HAL_Driver/stm32f4xx_hal_eth.o
 .text.HAL_ETH_Init
                0x0000000008000e08      0x1d8 ./Drivers/STM32F4xx_HAL_Driver/stm32f4xx_hal_eth.o
                0x0000000008000e08                HAL_ETH_Init
 .text.HAL_GPIO_Init
                0x0000000008000fe0      0x1cc ./Drivers/STM32F4xx_HAL_Driver/stm32f4xx_hal_gpio.o
                0x0000000008000fe0                HAL_GPIO_Init
 .text.HAL_GPIO_WritePin
                0x00000000080011ac        0xa ./Drivers/STM32F4xx_HAL_Driver/stm32f4xx_hal_gpio.o
                0x00000000080011ac                HAL_GPIO_WritePin
 .text.HAL_PCD_Init
                0x00000000080011b6      0x10a ./Drivers/STM32F4xx_HAL_Driver/stm32f4xx_hal_pcd.o
                0x00000000080011b6                HAL_PCD_Init
 .text.HAL_RCC_OscConfig
                0x00000000080012c0      0x360 ./Drivers/STM32F4xx_HAL_Driver/stm32f4xx_hal_rcc.o
                0x00000000080012c0                HAL_RCC_OscConfig
 .text.HAL_RCC_GetSysClockFreq
                0x0000000008001620       0x5c ./Drivers/STM32F4xx_HAL_Driver/stm32f4xx_hal_rcc.o
                0x0000000008001620                HAL_RCC_GetSysClockFreq
 .text.HAL_RCC_ClockConfig
                0x000000000800167c      0x138 ./Drivers/STM32F4xx_HAL_Driver/stm32f4xx_hal_rcc.o
                0x000000000800167c                HAL_RCC_ClockConfig
 .text.HAL_RCC_GetPCLK1Freq
                0x00000000080017b4       0x20 ./Drivers/STM32F4xx_HAL_Driver/stm32f4xx_hal_rcc.o
                0x00000000080017b4                HAL_RCC_GetPCLK1Freq
 .text.HAL_RCC_GetPCLK2Freq
                0x00000000080017d4       0x20 ./Drivers/STM32F4xx_HAL_Driver/stm32f4xx_hal_rcc.o
                0x00000000080017d4                HAL_RCC_GetPCLK2Freq
 .text.UART_SetConfig
                0x00000000080017f4       0xbc ./Drivers/STM32F4xx_HAL_Driver/stm32f4xx_hal_uart.o
 .text.HAL_UART_Init
                0x00000000080018b0       0x5c ./Drivers/STM32F4xx_HAL_Driver/stm32f4xx_hal_uart.o
                0x00000000080018b0                HAL_UART_Init
 .text.USB_CoreReset
                0x000000000800190c       0x4c ./Drivers/STM32F4xx_HAL_Driver/stm32f4xx_ll_usb.o
 .text.USB_CoreInit
                0x0000000008001958       0x80 ./Drivers/STM32F4xx_HAL_Driver/stm32f4xx_ll_usb.o
                0x0000000008001958                USB_CoreInit
 .text.USB_DisableGlobalInt
                0x00000000080019d8        0xc ./Drivers/STM32F4xx_HAL_Driver/stm32f4xx_ll_usb.o
                0x00000000080019d8                USB_DisableGlobalInt
 .text.USB_SetCurrentMode
                0x00000000080019e4       0x60 ./Drivers/STM32F4xx_HAL_Driver/stm32f4xx_ll_usb.o
                0x00000000080019e4                USB_SetCurrentMode
 .text.USB_FlushTxFifo
                0x0000000008001a44       0x4c ./Drivers/STM32F4xx_HAL_Driver/stm32f4xx_ll_usb.o
                0x0000000008001a44                USB_FlushTxFifo
 .text.USB_FlushRxFifo
                0x0000000008001a90       0x48 ./Drivers/STM32F4xx_HAL_Driver/stm32f4xx_ll_usb.o
                0x0000000008001a90                USB_FlushRxFifo
 .text.USB_SetDevSpeed
                0x0000000008001ad8        0xe ./Drivers/STM32F4xx_HAL_Driver/stm32f4xx_ll_usb.o
                0x0000000008001ad8                USB_SetDevSpeed
 *fill*         0x0000000008001ae6        0x2 
 .text.USB_DevInit
                0x0000000008001ae8      0x170 ./Drivers/STM32F4xx_HAL_Driver/stm32f4xx_ll_usb.o
                0x0000000008001ae8                USB_DevInit
 .text.USB_DevDisconnect
                0x0000000008001c58       0x1c ./Drivers/STM32F4xx_HAL_Driver/stm32f4xx_ll_usb.o
                0x0000000008001c58                USB_DevDisconnect
 .text.__libc_init_array
                0x0000000008001c74       0x48 /opt/st/stm32cubeide_1.7.0/plugins/com.st.stm32cube.ide.mcu.externaltools.gnu-tools-for-stm32.10.3-2021.10.linux64_1.0.0.202111181127/tools/bin/../lib/gcc/arm-none-eabi/10.3.1/../../../../arm-none-eabi/lib/thumb/v7e-m+fp/hard/libc_nano.a(lib_a-init.o)
                0x0000000008001c74                __libc_init_array
 .text.memset   0x0000000008001cbc       0x10 /opt/st/stm32cubeide_1.7.0/plugins/com.st.stm32cube.ide.mcu.externaltools.gnu-tools-for-stm32.10.3-2021.10.linux64_1.0.0.202111181127/tools/bin/../lib/gcc/arm-none-eabi/10.3.1/../../../../arm-none-eabi/lib/thumb/v7e-m+fp/hard/libc_nano.a(lib_a-memset.o)
                0x0000000008001cbc                memset
 *(.glue_7)
 .glue_7        0x0000000008001ccc        0x0 linker stubs
 *(.glue_7t)
 .glue_7t       0x0000000008001ccc        0x0 linker stubs
 *(.eh_frame)
 .eh_frame      0x0000000008001ccc        0x0 /opt/st/stm32cubeide_1.7.0/plugins/com.st.stm32cube.ide.mcu.externaltools.gnu-tools-for-stm32.10.3-2021.10.linux64_1.0.0.202111181127/tools/bin/../lib/gcc/arm-none-eabi/10.3.1/thumb/v7e-m+fp/hard/crtbegin.o
 *(.init)
 .init          0x0000000008001ccc        0x4 /opt/st/stm32cubeide_1.7.0/plugins/com.st.stm32cube.ide.mcu.externaltools.gnu-tools-for-stm32.10.3-2021.10.linux64_1.0.0.202111181127/tools/bin/../lib/gcc/arm-none-eabi/10.3.1/thumb/v7e-m+fp/hard/crti.o
                0x0000000008001ccc                _init
 .init          0x0000000008001cd0        0x8 /opt/st/stm32cubeide_1.7.0/plugins/com.st.stm32cube.ide.mcu.externaltools.gnu-tools-for-stm32.10.3-2021.10.linux64_1.0.0.202111181127/tools/bin/../lib/gcc/arm-none-eabi/10.3.1/thumb/v7e-m+fp/hard/crtn.o
 *(.fini)
 .fini          0x0000000008001cd8        0x4 /opt/st/stm32cubeide_1.7.0/plugins/com.st.stm32cube.ide.mcu.externaltools.gnu-tools-for-stm32.10.3-2021.10.linux64_1.0.0.202111181127/tools/bin/../lib/gcc/arm-none-eabi/10.3.1/thumb/v7e-m+fp/hard/crti.o
                0x0000000008001cd8                _fini
 .fini          0x0000000008001cdc        0x8 /opt/st/stm32cubeide_1.7.0/plugins/com.st.stm32cube.ide.mcu.externaltools.gnu-tools-for-stm32.10.3-2021.10.linux64_1.0.0.202111181127/tools/bin/../lib/gcc/arm-none-eabi/10.3.1/thumb/v7e-m+fp/hard/crtn.o
                0x0000000008001ce4                . = ALIGN (0x4)
                0x0000000008001ce4                _etext = .

.vfp11_veneer   0x0000000008001ce4        0x0
 .vfp11_veneer  0x0000000008001ce4        0x0 linker stubs

.v4_bx          0x0000000008001ce4        0x0
 .v4_bx         0x0000000008001ce4        0x0 linker stubs

.iplt           0x0000000008001ce4        0x0
 .iplt          0x0000000008001ce4        0x0 /opt/st/stm32cubeide_1.7.0/plugins/com.st.stm32cube.ide.mcu.externaltools.gnu-tools-for-stm32.10.3-2021.10.linux64_1.0.0.202111181127/tools/bin/../lib/gcc/arm-none-eabi/10.3.1/thumb/v7e-m+fp/hard/crtbegin.o

.rodata         0x0000000008001ce4       0x48
                0x0000000008001ce4                . = ALIGN (0x4)
 *(.rodata)
 .rodata        0x0000000008001ce4       0x30 ./Core/Src/main.o
 *(.rodata*)
 .rodata.AHBPrescTable
                0x0000000008001d14       0x10 ./Core/Src/system_stm32f4xx.o
                0x0000000008001d14                AHBPrescTable
 .rodata.APBPrescTable
                0x0000000008001d24        0x8 ./Core/Src/system_stm32f4xx.o
                0x0000000008001d24                APBPrescTable
                0x0000000008001d2c                . = ALIGN (0x4)

.ARM.extab      0x0000000008001d2c        0x0
                0x0000000008001d2c                . = ALIGN (0x4)
 *(.ARM.extab* .gnu.linkonce.armextab.*)
                0x0000000008001d2c                . = ALIGN (0x4)

.ARM            0x0000000008001d2c        0x8
                0x0000000008001d2c                . = ALIGN (0x4)
                0x0000000008001d2c                __exidx_start = .
 *(.ARM.exidx*)
 .ARM.exidx     0x0000000008001d2c        0x8 /opt/st/stm32cubeide_1.7.0/plugins/com.st.stm32cube.ide.mcu.externaltools.gnu-tools-for-stm32.10.3-2021.10.linux64_1.0.0.202111181127/tools/bin/../lib/gcc/arm-none-eabi/10.3.1/thumb/v7e-m+fp/hard/libgcc.a(_udivmoddi4.o)
                0x0000000008001d34                __exidx_end = .
                0x0000000008001d34                . = ALIGN (0x4)

.rel.dyn        0x0000000008001d34        0x0
 .rel.iplt      0x0000000008001d34        0x0 /opt/st/stm32cubeide_1.7.0/plugins/com.st.stm32cube.ide.mcu.externaltools.gnu-tools-for-stm32.10.3-2021.10.linux64_1.0.0.202111181127/tools/bin/../lib/gcc/arm-none-eabi/10.3.1/thumb/v7e-m+fp/hard/crtbegin.o

.preinit_array  0x0000000008001d34        0x0
                0x0000000008001d34                . = ALIGN (0x4)
                0x0000000008001d34                PROVIDE (__preinit_array_start = .)
 *(.preinit_array*)
                0x0000000008001d34                PROVIDE (__preinit_array_end = .)
                0x0000000008001d34                . = ALIGN (0x4)

.init_array     0x0000000008001d34        0x4
                0x0000000008001d34                . = ALIGN (0x4)
                0x0000000008001d34                PROVIDE (__init_array_start = .)
 *(SORT_BY_NAME(.init_array.*))
 *(.init_array*)
 .init_array    0x0000000008001d34        0x4 /opt/st/stm32cubeide_1.7.0/plugins/com.st.stm32cube.ide.mcu.externaltools.gnu-tools-for-stm32.10.3-2021.10.linux64_1.0.0.202111181127/tools/bin/../lib/gcc/arm-none-eabi/10.3.1/thumb/v7e-m+fp/hard/crtbegin.o
                0x0000000008001d38                PROVIDE (__init_array_end = .)
                0x0000000008001d38                . = ALIGN (0x4)

.fini_array     0x0000000008001d38        0x4
                0x0000000008001d38                . = ALIGN (0x4)
                [!provide]                        PROVIDE (__fini_array_start = .)
 *(SORT_BY_NAME(.fini_array.*))
 *(.fini_array*)
 .fini_array    0x0000000008001d38        0x4 /opt/st/stm32cubeide_1.7.0/plugins/com.st.stm32cube.ide.mcu.externaltools.gnu-tools-for-stm32.10.3-2021.10.linux64_1.0.0.202111181127/tools/bin/../lib/gcc/arm-none-eabi/10.3.1/thumb/v7e-m+fp/hard/crtbegin.o
                [!provide]                        PROVIDE (__fini_array_end = .)
                0x0000000008001d3c                . = ALIGN (0x4)
                0x0000000008001d3c                _sidata = LOADADDR (.data)

.data           0x0000000020000000        0xc load address 0x0000000008001d3c
                0x0000000020000000                . = ALIGN (0x4)
                0x0000000020000000                _sdata = .
 *(.data)
 *(.data*)
 .data.SystemCoreClock
                0x0000000020000000        0x4 ./Core/Src/system_stm32f4xx.o
                0x0000000020000000                SystemCoreClock
 .data.uwTickFreq
                0x0000000020000004        0x1 ./Drivers/STM32F4xx_HAL_Driver/stm32f4xx_hal.o
                0x0000000020000004                uwTickFreq
 *fill*         0x0000000020000005        0x3 
 .data.uwTickPrio
                0x0000000020000008        0x4 ./Drivers/STM32F4xx_HAL_Driver/stm32f4xx_hal.o
                0x0000000020000008                uwTickPrio
 *(.RamFunc)
 *(.RamFunc*)
                0x000000002000000c                . = ALIGN (0x4)
                0x000000002000000c                _edata = .
                0x0000000008001d48                _siccmram = LOADADDR (.ccmram)

.igot.plt       0x000000002000000c        0x0 load address 0x0000000008001d48
 .igot.plt      0x000000002000000c        0x0 /opt/st/stm32cubeide_1.7.0/plugins/com.st.stm32cube.ide.mcu.externaltools.gnu-tools-for-stm32.10.3-2021.10.linux64_1.0.0.202111181127/tools/bin/../lib/gcc/arm-none-eabi/10.3.1/thumb/v7e-m+fp/hard/crtbegin.o

.ccmram         0x0000000010000000        0x0 load address 0x0000000008001d48
                0x0000000010000000                . = ALIGN (0x4)
                0x0000000010000000                _sccmram = .
 *(.ccmram)
 *(.ccmram*)
                0x0000000010000000                . = ALIGN (0x4)
                0x0000000010000000                _eccmram = .
                0x0000000010000000                . = ALIGN (0x4)

.bss            0x000000002000000c      0x7a0
                0x000000002000000c                _sbss = .
                0x000000002000000c                __bss_start__ = _sbss
 *(.bss)
 .bss           0x000000002000000c       0x1c /opt/st/stm32cubeide_1.7.0/plugins/com.st.stm32cube.ide.mcu.externaltools.gnu-tools-for-stm32.10.3-2021.10.linux64_1.0.0.202111181127/tools/bin/../lib/gcc/arm-none-eabi/10.3.1/thumb/v7e-m+fp/hard/crtbegin.o
 *(.bss*)
 .bss.DMARxDscrTab
                0x0000000020000028       0xa0 ./Core/Src/main.o
                0x0000000020000028                DMARxDscrTab
 .bss.DMATxDscrTab
                0x00000000200000c8       0xa0 ./Core/Src/main.o
                0x00000000200000c8                DMATxDscrTab
 .bss.MACAddr.0
                0x0000000020000168        0x6 ./Core/Src/main.o
 *fill*         0x000000002000016e        0x2 
 .bss.TxConfig  0x0000000020000170       0x38 ./Core/Src/main.o
                0x0000000020000170                TxConfig
 .bss.heth      0x00000000200001a8       0xb0 ./Core/Src/main.o
                0x00000000200001a8                heth
 .bss.hpcd_USB_OTG_FS
                0x0000000020000258      0x50c ./Core/Src/main.o
                0x0000000020000258                hpcd_USB_OTG_FS
 .bss.huart3    0x0000000020000764       0x44 ./Core/Src/main.o
                0x0000000020000764                huart3
 .bss.uwTick    0x00000000200007a8        0x4 ./Drivers/STM32F4xx_HAL_Driver/stm32f4xx_hal.o
                0x00000000200007a8                uwTick
 *(COMMON)
                0x00000000200007ac                . = ALIGN (0x4)
                0x00000000200007ac                _ebss = .
                0x00000000200007ac                __bss_end__ = _ebss

._user_heap_stack
                0x00000000200007ac      0x604
                0x00000000200007b0                . = ALIGN (0x8)
 *fill*         0x00000000200007ac        0x4 
                [!provide]                        PROVIDE (end = .)
                0x00000000200007b0                PROVIDE (_end = .)
                0x00000000200009b0                . = (. + _Min_Heap_Size)
 *fill*         0x00000000200007b0      0x200 
                0x0000000020000db0                . = (. + _Min_Stack_Size)
 *fill*         0x00000000200009b0      0x400 
                0x0000000020000db0                . = ALIGN (0x8)

/DISCARD/
 libc.a(*)
 libm.a(*)
 libgcc.a(*)

.ARM.attributes
                0x0000000000000000       0x30
 *(.ARM.attributes)
 .ARM.attributes
                0x0000000000000000       0x1e /opt/st/stm32cubeide_1.7.0/plugins/com.st.stm32cube.ide.mcu.externaltools.gnu-tools-for-stm32.10.3-2021.10.linux64_1.0.0.202111181127/tools/bin/../lib/gcc/arm-none-eabi/10.3.1/thumb/v7e-m+fp/hard/crti.o
 .ARM.attributes
                0x000000000000001e       0x34 /opt/st/stm32cubeide_1.7.0/plugins/com.st.stm32cube.ide.mcu.externaltools.gnu-tools-for-stm32.10.3-2021.10.linux64_1.0.0.202111181127/tools/bin/../lib/gcc/arm-none-eabi/10.3.1/thumb/v7e-m+fp/hard/crtbegin.o
 .ARM.attributes
                0x0000000000000052       0x20 ./Core/Src/asm_func.o
 .ARM.attributes
                0x0000000000000072       0x34 ./Core/Src/main.o
 .ARM.attributes
                0x00000000000000a6       0x34 ./Core/Src/stm32f4xx_hal_msp.o
 .ARM.attributes
                0x00000000000000da       0x34 ./Core/Src/stm32f4xx_it.o
 .ARM.attributes
                0x000000000000010e       0x34 ./Core/Src/system_stm32f4xx.o
 .ARM.attributes
                0x0000000000000142       0x21 ./Core/Startup/startup_stm32f429zitx.o
 .ARM.attributes
                0x0000000000000163       0x34 ./Drivers/STM32F4xx_HAL_Driver/stm32f4xx_hal.o
 .ARM.attributes
                0x0000000000000197       0x34 ./Drivers/STM32F4xx_HAL_Driver/stm32f4xx_hal_cortex.o
 .ARM.attributes
                0x00000000000001cb       0x34 ./Drivers/STM32F4xx_HAL_Driver/stm32f4xx_hal_eth.o
 .ARM.attributes
                0x00000000000001ff       0x34 ./Drivers/STM32F4xx_HAL_Driver/stm32f4xx_hal_gpio.o
 .ARM.attributes
                0x0000000000000233       0x34 ./Drivers/STM32F4xx_HAL_Driver/stm32f4xx_hal_pcd.o
 .ARM.attributes
                0x0000000000000267       0x34 ./Drivers/STM32F4xx_HAL_Driver/stm32f4xx_hal_rcc.o
 .ARM.attributes
                0x000000000000029b       0x34 ./Drivers/STM32F4xx_HAL_Driver/stm32f4xx_hal_uart.o
 .ARM.attributes
                0x00000000000002cf       0x34 ./Drivers/STM32F4xx_HAL_Driver/stm32f4xx_ll_usb.o
 .ARM.attributes
                0x0000000000000303       0x34 /opt/st/stm32cubeide_1.7.0/plugins/com.st.stm32cube.ide.mcu.externaltools.gnu-tools-for-stm32.10.3-2021.10.linux64_1.0.0.202111181127/tools/bin/../lib/gcc/arm-none-eabi/10.3.1/../../../../arm-none-eabi/lib/thumb/v7e-m+fp/hard/libc_nano.a(lib_a-init.o)
 .ARM.attributes
                0x0000000000000337       0x34 /opt/st/stm32cubeide_1.7.0/plugins/com.st.stm32cube.ide.mcu.externaltools.gnu-tools-for-stm32.10.3-2021.10.linux64_1.0.0.202111181127/tools/bin/../lib/gcc/arm-none-eabi/10.3.1/../../../../arm-none-eabi/lib/thumb/v7e-m+fp/hard/libc_nano.a(lib_a-memset.o)
 .ARM.attributes
                0x000000000000036b       0x1e /opt/st/stm32cubeide_1.7.0/plugins/com.st.stm32cube.ide.mcu.externaltools.gnu-tools-for-stm32.10.3-2021.10.linux64_1.0.0.202111181127/tools/bin/../lib/gcc/arm-none-eabi/10.3.1/thumb/v7e-m+fp/hard/libgcc.a(_aeabi_uldivmod.o)
 .ARM.attributes
                0x0000000000000389       0x34 /opt/st/stm32cubeide_1.7.0/plugins/com.st.stm32cube.ide.mcu.externaltools.gnu-tools-for-stm32.10.3-2021.10.linux64_1.0.0.202111181127/tools/bin/../lib/gcc/arm-none-eabi/10.3.1/thumb/v7e-m+fp/hard/libgcc.a(_udivmoddi4.o)
 .ARM.attributes
                0x00000000000003bd       0x1e /opt/st/stm32cubeide_1.7.0/plugins/com.st.stm32cube.ide.mcu.externaltools.gnu-tools-for-stm32.10.3-2021.10.linux64_1.0.0.202111181127/tools/bin/../lib/gcc/arm-none-eabi/10.3.1/thumb/v7e-m+fp/hard/libgcc.a(_dvmd_tls.o)
 .ARM.attributes
                0x00000000000003db       0x1e /opt/st/stm32cubeide_1.7.0/plugins/com.st.stm32cube.ide.mcu.externaltools.gnu-tools-for-stm32.10.3-2021.10.linux64_1.0.0.202111181127/tools/bin/../lib/gcc/arm-none-eabi/10.3.1/thumb/v7e-m+fp/hard/crtn.o
OUTPUT(adm_c16_mod.elf elf32-littlearm)
LOAD linker stubs
LOAD /opt/st/stm32cubeide_1.7.0/plugins/com.st.stm32cube.ide.mcu.externaltools.gnu-tools-for-stm32.10.3-2021.10.linux64_1.0.0.202111181127/tools/bin/../lib/gcc/arm-none-eabi/10.3.1/../../../../arm-none-eabi/lib/thumb/v7e-m+fp/hard/libc.a
LOAD /opt/st/stm32cubeide_1.7.0/plugins/com.st.stm32cube.ide.mcu.externaltools.gnu-tools-for-stm32.10.3-2021.10.linux64_1.0.0.202111181127/tools/bin/../lib/gcc/arm-none-eabi/10.3.1/../../../../arm-none-eabi/lib/thumb/v7e-m+fp/hard/libm.a
LOAD /opt/st/stm32cubeide_1.7.0/plugins/com.st.stm32cube.ide.mcu.externaltools.gnu-tools-for-stm32.10.3-2021.10.linux64_1.0.0.202111181127/tools/bin/../lib/gcc/arm-none-eabi/10.3.1/thumb/v7e-m+fp/hard/libgcc.a

.comment        0x0000000000000000       0x50
 .comment       0x0000000000000000       0x50 ./Core/Src/main.o
                                         0x51 (size before relaxing)
 .comment       0x0000000000000050       0x51 ./Core/Src/stm32f4xx_hal_msp.o
 .comment       0x0000000000000050       0x51 ./Core/Src/stm32f4xx_it.o
 .comment       0x0000000000000050       0x51 ./Core/Src/system_stm32f4xx.o
 .comment       0x0000000000000050       0x51 ./Drivers/STM32F4xx_HAL_Driver/stm32f4xx_hal.o
 .comment       0x0000000000000050       0x51 ./Drivers/STM32F4xx_HAL_Driver/stm32f4xx_hal_cortex.o
 .comment       0x0000000000000050       0x51 ./Drivers/STM32F4xx_HAL_Driver/stm32f4xx_hal_eth.o
 .comment       0x0000000000000050       0x51 ./Drivers/STM32F4xx_HAL_Driver/stm32f4xx_hal_gpio.o
 .comment       0x0000000000000050       0x51 ./Drivers/STM32F4xx_HAL_Driver/stm32f4xx_hal_pcd.o
 .comment       0x0000000000000050       0x51 ./Drivers/STM32F4xx_HAL_Driver/stm32f4xx_hal_rcc.o
 .comment       0x0000000000000050       0x51 ./Drivers/STM32F4xx_HAL_Driver/stm32f4xx_hal_uart.o
 .comment       0x0000000000000050       0x51 ./Drivers/STM32F4xx_HAL_Driver/stm32f4xx_ll_usb.o

.debug_frame    0x0000000000000000       0xac
 .debug_frame   0x0000000000000000       0x2c /opt/st/stm32cubeide_1.7.0/plugins/com.st.stm32cube.ide.mcu.externaltools.gnu-tools-for-stm32.10.3-2021.10.linux64_1.0.0.202111181127/tools/bin/../lib/gcc/arm-none-eabi/10.3.1/../../../../arm-none-eabi/lib/thumb/v7e-m+fp/hard/libc_nano.a(lib_a-init.o)
 .debug_frame   0x000000000000002c       0x20 /opt/st/stm32cubeide_1.7.0/plugins/com.st.stm32cube.ide.mcu.externaltools.gnu-tools-for-stm32.10.3-2021.10.linux64_1.0.0.202111181127/tools/bin/../lib/gcc/arm-none-eabi/10.3.1/../../../../arm-none-eabi/lib/thumb/v7e-m+fp/hard/libc_nano.a(lib_a-memset.o)
 .debug_frame   0x000000000000004c       0x2c /opt/st/stm32cubeide_1.7.0/plugins/com.st.stm32cube.ide.mcu.externaltools.gnu-tools-for-stm32.10.3-2021.10.linux64_1.0.0.202111181127/tools/bin/../lib/gcc/arm-none-eabi/10.3.1/thumb/v7e-m+fp/hard/libgcc.a(_aeabi_uldivmod.o)
 .debug_frame   0x0000000000000078       0x34 /opt/st/stm32cubeide_1.7.0/plugins/com.st.stm32cube.ide.mcu.externaltools.gnu-tools-for-stm32.10.3-2021.10.linux64_1.0.0.202111181127/tools/bin/../lib/gcc/arm-none-eabi/10.3.1/thumb/v7e-m+fp/hard/libgcc.a(_udivmoddi4.o)
